// Vitest Snapshot v1, https://vitest.dev/guide/snapshot.html

exports[`AmplitudeAxis > labels a lane from full scale at the edges to 0 at the center 1`] = `"<div class="axis" aria-hidden="true"><span class="tick" style="top: 8px;">1.0</span><span class="tick" style="top: 33px;">0.5</span><span class="tick zero" style="top: 58px;">0</span><span class="tick" style="top: 83px;">0.5</span><span class="tick" style="top: 108px;">1.0</span></div>"`;
